// Vitest Snapshot v1, https://vitest.dev/guide/snapshot.html

exports[`css custom-property prefixing > leaves vendor-owned names alone and prefixes everything else 1`] = `
[
  "--fc-border-color",
  "--fc-daygrid-event-dot-width",
  "--fc-event-bg-color",
  "--fc-event-border-color",
  "--fc-event-text-color",
  "--gl-star-color",
  "--gl-star-color-inactive",
  "--gl-star-size",
  "--litepicker-button-next-month-color",
  "--litepicker-button-next-month-color-hover",
  "--litepicker-button-prev-month-color",
  "--litepicker-button-prev-month-color-hover",
  "--litepicker-container-months-color-bg",
  "--litepicker-day-color",
  "--litepicker-day-color-hover",
  "--litepicker-is-end-color-bg",
  "--litepicker-is-in-range-color",
  "--litepicker-is-start-color-bg",
  "--litepicker-is-today-color",
  "--litepicker-month-header-color",
  "--litepicker-month-weekday-color",
  "--plyr-color-main",
  "--tblr-active-bg",
  "--tblr-backdrop-bg",
  "--tblr-bg-forms",
  "--tblr-bg-surface",
  "--tblr-bg-surface-inverted",
  "--tblr-bg-surface-secondary",
  "--tblr-body-bg",
  "--tblr-body-color",
  "--tblr-border-color",
  "--tblr-border-color-translucent",
  "--tblr-border-radius",
  "--tblr-border-style",
  "--tblr-border-width",
  "--tblr-card-bg",
  "--tblr-font-sans-serif",
  "--tblr-font-size-h3",
  "--tblr-font-size-h5",
  "--tblr-font-weight-medium",
  "--tblr-font-weight-semibold",
  "--tblr-form-select-bg-icon",
  "--tblr-form-select-bg-img",
  "--tblr-gray-500",
  "--tblr-icon-size",
  "--tblr-info",
  "--tblr-light",
  "--tblr-primary",
  "--tblr-primary-200",
  "--tblr-primary-lt",
  "--tblr-secondary",
  "--tblr-secondary-bg",
  "--tblr-shadow-card",
  "--tblr-shadow-dropdown",
  "--tblr-shadow-input",
  "--tblr-tertiary",
  "--tblr-text-inverted",
  "--tblr-yellow",
  "--ts-pr-caret",
  "--ts-pr-clear-button",
]
`;
